Genesis 0: 0xaaaa = 100M
Genesis 1: 0xbbbb = 100M
Genesis 2: 0xcccc = 100M
Genesis 3: 0xdddd = 100M

SCDO Parallel Node on :8050
Block 1 mined, pool=0
Block 2 mined, pool=0
Block 3 mined, pool=0
Block 4 mined, pool=0
Block 5 mined, pool=0
Block 6 mined, pool=0
Block 7 mined, pool=0
Block 8 mined, pool=0
Block 9 mined, pool=0
Block 10 mined, pool=0
Block 11 mined, pool=0
Block 12 mined, pool=0
Block 13 mined, pool=0
Block 14 mined, pool=0
Block 15 mined, pool=0
Block 16 mined, pool=0
Block 17 mined, pool=0
Block 18 mined, pool=0
Block 19 mined, pool=0
Block 20 mined, pool=0
Block 21 mined, pool=0
Block 22 mined, pool=0
Block 23 mined, pool=0
Block 24 mined, pool=0
Block 25 mined, pool=0
Block 26 mined, pool=0
Block 27 mined, pool=0
Block 28 mined, pool=0
Block 29 mined, pool=0
Block 30 mined, pool=0
Block 31 mined, pool=0
Block 32 mined, pool=0
Block 33 mined, pool=0
Block 34 mined, pool=0
Block 35 mined, pool=0
Block 36 mined, pool=0
Block 37 mined, pool=0
Block 38 mined, pool=0
Block 39 mined, pool=0
Block 40 mined, pool=0
Block 41 mined, pool=0
Block 42 mined, pool=0
Block 43 mined, pool=0
Block 44 mined, pool=0
Block 45 mined, pool=0
Block 46 mined, pool=0
Block 47 mined, pool=0
Block 48 mined, pool=0
Block 49 mined, pool=0
Block 50 mined, pool=0
Block 51 mined, pool=0
Block 52 mined, pool=0
Block 53 mined, pool=0
Block 54 mined, pool=0
Block 55 mined, pool=0
Block 56 mined, pool=0
Block 57 mined, pool=0
Block 58 mined, pool=0
Block 59 mined, pool=0
Block 60 mined, pool=0
Block 61 mined, pool=0
Block 62 mined, pool=0
Block 63 mined, pool=0
Block 64 mined, pool=0
Block 65 mined, pool=0
Block 66 mined, pool=0
Block 67 mined, pool=0
Block 68 mined, pool=0
Block 69 mined, pool=0
Block 70 mined, pool=0
Block 71 mined, pool=0
Block 72 mined, pool=0
Block 73 mined, pool=0
Block 74 mined, pool=0
Block 75 mined, pool=0
Block 76 mined, pool=0
Block 77 mined, pool=0
Block 78 mined, pool=0
Block 79 mined, pool=0
Block 80 mined, pool=0
Block 81 mined, pool=0
Block 82 mined, pool=0
Block 83 mined, pool=0
Block 84 mined, pool=0
Block 85 mined, pool=0
Block 86 mined, pool=0
Block 87 mined, pool=0
Block 88 mined, pool=0
Block 89 mined, pool=0
Block 90 mined, pool=0
Block 91 mined, pool=0
Block 92 mined, pool=0
Block 93 mined, pool=0
Block 94 mined, pool=0
Block 95 mined, pool=0
Block 96 mined, pool=0
Block 97 mined, pool=0
Block 98 mined, pool=0
Block 99 mined, pool=0
Block 100 mined, pool=0
Block 101 mined, pool=0
Block 102 mined, pool=0
Block 103 mined, pool=0
Block 104 mined, pool=0
Block 105 mined, pool=0
Block 106 mined, pool=0
Block 107 mined, pool=0
Block 108 mined, pool=0
Block 109 mined, pool=0
Block 110 mined, pool=0
Block 111 mined, pool=0
Block 112 mined, pool=0
Block 113 mined, pool=0
Block 114 mined, pool=0
Block 115 mined, pool=0
Block 116 mined, pool=0
Block 117 mined, pool=0
Block 118 mined, pool=0
Block 119 mined, pool=0
Block 120 mined, pool=0
Block 121 mined, pool=0
Block 122 mined, pool=0
Block 123 mined, pool=0
Block 124 mined, pool=0
Block 125 mined, pool=0
Block 126 mined, pool=0
Block 127 mined, pool=0
Block 128 mined, pool=0
Block 129 mined, pool=0
Block 130 mined, pool=0
Block 131 mined, pool=0
Block 132 mined, pool=0
Block 133 mined, pool=0
Block 134 mined, pool=0
Block 135 mined, pool=0
Block 136 mined, pool=0
Block 137 mined, pool=0
Block 138 mined, pool=0
Block 139 mined, pool=0
Block 140 mined, pool=0
Block 141 mined, pool=0
Block 142 mined, pool=0
Block 143 mined, pool=0
Block 144 mined, pool=0
Block 145 mined, pool=0
Block 146 mined, pool=0
Block 147 mined, pool=0
Block 148 mined, pool=0
Block 149 mined, pool=0
Block 150 mined, pool=0
Block 151 mined, pool=0
Block 152 mined, pool=0
Block 153 mined, pool=0
Block 154 mined, pool=0
Block 155 mined, pool=0
Block 156 mined, pool=0
Block 157 mined, pool=0
Block 158 mined, pool=0
Block 159 mined, pool=0
Block 160 mined, pool=0
Block 161 mined, pool=0
Block 162 mined, pool=0
Block 163 mined, pool=0
Block 164 mined, pool=0
Block 165 mined, pool=0
Block 166 mined, pool=0
Block 167 mined, pool=0
Block 168 mined, pool=0
Block 169 mined, pool=0
Block 170 mined, pool=0
Block 171 mined, pool=0
Block 172 mined, pool=0
Block 173 mined, pool=0
Block 174 mined, pool=0
Block 175 mined, pool=0
Block 176 mined, pool=0
Block 177 mined, pool=0
Block 178 mined, pool=0
Block 179 mined, pool=0
Block 180 mined, pool=0
Block 181 mined, pool=0
Block 182 mined, pool=0
Block 183 mined, pool=0
